[data] {"num_articles": 10, "num_chunks": 180, "chunks_per_article_avg": 18.0, "chunk_words_avg": 89.2, "num_queries": 69, "queries_by_type": {"inference": 29, "temporal": 23, "comparison": 17}, "avg_gold_per_query": 2.71, "min_gold_per_query": 2, "max_gold_per_query": 4}
[types] E1 allocation: {'VERIFICATION': 1, 'DISJUNCTIVE': 1, 'CONCEPT': 1, 'EXTENT': 1, 'EXAMPLE': 1, 'COMPARISON': 2, 'CAUSE': 1, 'CONSEQUENCE': 1, 'PROCEDURAL': 1}
[style] 8 exemplars | passed: no exemplar cites a selected article or is in eval
  [gen:E4d] 50/178 (cache 52)
  [gen:E4d] 100/178 (cache 102)
  [gen:E4d] 150/178 (cache 152)
  [gen:E4d] 178/178 (cache 180)
[gen:E4d] items=1800 avg=10.0 fail_rate=0.0 retried=0 cost=$0.0332
  [gen:E2a] 50/178 (cache 52)
  [gen:E2a] 100/178 (cache 102)
  [gen:E2a] 150/178 (cache 152)
  [gen:E2a] 178/178 (cache 180)
[gen:E2a] items=1799 avg=9.99 fail_rate=0.0056 retried=1 cost=$0.0222
  [gen:E1] 50/178 (cache 52)
  [gen:E1] 100/178 (cache 102)
  [gen:E1] 150/178 (cache 152)
  [gen:E1] 178/178 (cache 180)
[gen:E1] items=1800 avg=10.0 fail_rate=0.0 retried=0 cost=$0.0342
[gen:B1] items=1800 avg=10.0 fail_rate=0.0 retried=0 cost=$0.0
  [gen:E2c] 50/180 (cache 50)
  [gen:E2c] 100/180 (cache 100)
  [gen:E2c] 150/180 (cache 150)
  [gen:E2c] 180/180 (cache 180)
[gen:E2c] items=1799 avg=9.99 fail_rate=0.0056 retried=1 cost=$0.0232
  [gen:E3a] 50/180 (cache 50)
  [gen:E3a] 100/180 (cache 100)
  [gen:E3a] 150/180 (cache 150)
  [gen:E3a] 180/180 (cache 180)
[gen:E3a] items=1800 avg=10.0 fail_rate=0.0 retried=0 cost=$0.0204
  [gen:E2b] 50/180 (cache 50)
  [gen:E2b] 100/180 (cache 100)
  [gen:E2b] 150/180 (cache 150)
  [gen:E2b] 180/180 (cache 180)
[gen:E2b] items=1800 avg=10.0 fail_rate=0.0 retried=0 cost=$0.0331
  [gen:E3b] 50/178 (cache 52)
  [gen:E3b] 100/178 (cache 102)
  [gen:E3b] 150/178 (cache 152)
  [gen:E3b] 178/178 (cache 180)
[gen:E3b] items=1800 avg=10.0 fail_rate=0.0 retried=0 cost=$0.0231
  [gen:E4b] 50/178 (cache 52)
  [gen:E4b] 100/178 (cache 102)
  [gen:E4b] 150/178 (cache 152)
  [gen:E4b] 178/178 (cache 180)
[gen:E4b] items=1799 avg=9.99 fail_rate=0.0056 retried=1 cost=$0.0125
  [gen:E5b] 50/178 (cache 52)
  [gen:E5b] 100/178 (cache 102)
  [gen:E5b] 150/178 (cache 152)
  [gen:E5b] 178/178 (cache 180)
[gen:E5b] items=1800 avg=10.0 fail_rate=0.0 retried=0 cost=$0.0509
  [gen:E6as] 50/178 (cache 52)
  [gen:E6as] 100/178 (cache 102)
  [gen:E6as] 150/178 (cache 152)
  [gen:E6as] 178/178 (cache 180)
[gen:E6as] items=1305 avg=7.25 fail_rate=0.0 retried=0 cost=$0.0168
  [gen:E6aq] 50/178 (cache 52)
  [gen:E6aq] 100/178 (cache 102)
  [gen:E6aq] 150/178 (cache 152)
  [gen:E6aq] 178/178 (cache 180)
[gen:E6aq] items=1798 avg=9.99 fail_rate=0.0056 retried=3 cost=$0.0259
[retrieval] building indices for B0 ...
Warning: You are sending unauthenticated requests to the HF Hub. Please set a HF_TOKEN to enable higher rate limits and faster downloads.
[embeddings] backend=huggingface model=Octen/Octen-Embedding-0.6B
Loading weights:   0%|          | 0/310 [00:00<?, ?it/s]Loading weights: 100%|██████████| 310/310 [00:00<00:00, 39928.58it/s]
/Users/katerina_dimitrova/Downloads/Iris.ai RAG research/Structured, Unstructured, Tables, Charts Context Enrichment /context-enrichment-rag/src/embeddings.py:59: FutureWarning: The `get_sentence_embedding_dimension` method has been renamed to `get_embedding_dimension`.
  self.dim = int(self.model.get_sentence_embedding_dimension())
[index:B0] vectors=180 (chunk=180, q=0)
[retrieval] building indices for B1 ...
[index:B1] vectors=1800 (chunk=0, q=1800)
[retrieval] building indices for E1 ...
[index:E1] vectors=1800 (chunk=0, q=1800)
[retrieval] building indices for E2a ...
[index:E2a] vectors=1799 (chunk=0, q=1799)
[retrieval] building indices for E2b ...
[index:E2b] vectors=1800 (chunk=0, q=1800)
[retrieval] building indices for E2c ...
[index:E2c] vectors=1799 (chunk=0, q=1799)
[retrieval] building indices for E3a ...
[index:E3a] vectors=1800 (chunk=0, q=1800)
[retrieval] building indices for E3b ...
[index:E3b] vectors=1800 (chunk=0, q=1800)
[retrieval] building indices for E4a ...
[index:E4a] vectors=1800 (chunk=0, q=1800)
[retrieval] building indices for E4b ...
[index:E4b] vectors=180 (chunk=180, q=0)
[retrieval] building indices for E4c ...
[index:E4c] vectors=1800 (chunk=0, q=1800)
[retrieval] building indices for E4d ...
[index:E4d] vectors=1800 (chunk=0, q=1800)
[retrieval] building indices for E4e ...
[index:E4e] vectors=180 (chunk=180, q=0)
[retrieval] building indices for E4f ...
[index:E4f] vectors=1980 (chunk=180, q=1800)
[retrieval] building indices for E5a ...
[index:E5a] vectors=1800 (chunk=0, q=1800)
[retrieval] building indices for E5b ...
[index:E5b] vectors=1800 (chunk=0, q=1800)
[retrieval] building indices for E6as ...
[index:E6as] vectors=1250 (chunk=0, q=1250)
[retrieval] building indices for E6aq ...
[index:E6aq] vectors=1798 (chunk=0, q=1798)
  [classify:B1] 100/180
  [classify:B1] 180/180
  [classify:E1] 100/180
  [classify:E1] 180/180

============================================================================================
OVERALL — hybrid (dense+BM25 RRF), mean [95% CI]
============================================================================================
metric              B0                    B1                    E1                    E2a                   E2b                   E2c                   E3a                   E3b                   E4a                   E4b                   E4c                   E4d                   E4e                   E4f                   E5a                   E5b                   E6as                  E6aq                  
evidence_recall@2   0.406 [0.355,0.459]   0.374 [0.315,0.431]   0.314 [0.249,0.377]   0.389 [0.325,0.454]   0.333 [0.274,0.391]   0.345 [0.281,0.405]   0.337 [0.269,0.409]   0.405 [0.338,0.470]   0.399 [0.336,0.458]   0.413 [0.354,0.473]   0.384 [0.327,0.437]   0.393 [0.329,0.453]   0.370 [0.309,0.430]   0.393 [0.331,0.453]   0.374 [0.315,0.431]   0.394 [0.329,0.458]   0.452 [0.384,0.519]   0.314 [0.249,0.376]   
evidence_recall@5   0.562 [0.495,0.628]   0.541 [0.473,0.604]   0.553 [0.481,0.622]   0.531 [0.460,0.603]   0.542 [0.478,0.609]   0.467 [0.399,0.536]   0.534 [0.459,0.608]   0.600 [0.533,0.663]   0.577 [0.510,0.642]   0.583 [0.510,0.652]   0.568 [0.500,0.632]   0.583 [0.516,0.649]   0.516 [0.446,0.588]   0.560 [0.496,0.624]   0.541 [0.473,0.604]   0.582 [0.526,0.638]   0.609 [0.533,0.678]   0.485 [0.425,0.548]   
evidence_recall@10  0.692 [0.629,0.752]   0.688 [0.628,0.746]   0.661 [0.597,0.721]   0.688 [0.623,0.755]   0.694 [0.634,0.757]   0.656 [0.587,0.725]   0.633 [0.565,0.697]   0.665 [0.597,0.727]   0.675 [0.614,0.733]   0.690 [0.633,0.750]   0.687 [0.624,0.746]   0.692 [0.629,0.757]   0.659 [0.593,0.720]   0.674 [0.614,0.732]   0.688 [0.628,0.746]   0.709 [0.646,0.764]   0.671 [0.608,0.733]   0.684 [0.620,0.745]   
hit@2               0.899 [0.826,0.957]   0.812 [0.725,0.899]   0.681 [0.565,0.783]   0.783 [0.681,0.870]   0.739 [0.623,0.841]   0.739 [0.638,0.841]   0.696 [0.580,0.797]   0.826 [0.739,0.913]   0.826 [0.739,0.913]   0.870 [0.783,0.942]   0.841 [0.754,0.927]   0.841 [0.754,0.927]   0.797 [0.696,0.884]   0.826 [0.739,0.913]   0.812 [0.725,0.899]   0.783 [0.681,0.884]   0.884 [0.812,0.957]   0.667 [0.551,0.768]   
hit@5               0.942 [0.884,0.986]   0.957 [0.899,1.000]   0.913 [0.841,0.971]   0.870 [0.783,0.942]   0.957 [0.899,1.000]   0.870 [0.783,0.942]   0.884 [0.797,0.957]   0.986 [0.957,1.000]   0.957 [0.899,1.000]   0.957 [0.899,1.000]   0.957 [0.899,1.000]   0.971 [0.927,1.000]   0.899 [0.826,0.957]   0.971 [0.927,1.000]   0.957 [0.899,1.000]   1.000 [1.000,1.000]   0.942 [0.884,0.986]   0.913 [0.841,0.971]   
hit@10              1.000 [1.000,1.000]   1.000 [1.000,1.000]   0.986 [0.957,1.000]   0.957 [0.899,1.000]   0.986 [0.957,1.000]   0.957 [0.899,1.000]   0.971 [0.927,1.000]   0.986 [0.957,1.000]   0.986 [0.957,1.000]   1.000 [1.000,1.000]   0.986 [0.957,1.000]   0.986 [0.957,1.000]   0.986 [0.957,1.000]   1.000 [1.000,1.000]   1.000 [1.000,1.000]   1.000 [1.000,1.000]   0.986 [0.957,1.000]   0.986 [0.957,1.000]   
mrr@10              0.768 [0.691,0.837]   0.716 [0.641,0.790]   0.691 [0.605,0.773]   0.675 [0.589,0.757]   0.657 [0.582,0.730]   0.680 [0.596,0.762]   0.693 [0.599,0.778]   0.766 [0.694,0.837]   0.779 [0.704,0.856]   0.800 [0.733,0.864]   0.773 [0.699,0.850]   0.723 [0.650,0.795]   0.765 [0.678,0.846]   0.757 [0.680,0.832]   0.716 [0.641,0.790]   0.718 [0.642,0.791]   0.783 [0.707,0.855]   0.641 [0.560,0.718]   
ndcg@10             0.605 [0.554,0.657]   0.582 [0.527,0.639]   0.560 [0.495,0.620]   0.573 [0.510,0.631]   0.554 [0.501,0.609]   0.545 [0.482,0.602]   0.551 [0.483,0.614]   0.600 [0.546,0.656]   0.612 [0.551,0.670]   0.623 [0.571,0.672]   0.608 [0.552,0.663]   0.591 [0.531,0.644]   0.582 [0.520,0.639]   0.596 [0.540,0.653]   0.582 [0.527,0.639]   0.599 [0.549,0.652]   0.623 [0.565,0.682]   0.542 [0.487,0.600]   

[done] 1030.0s
[report md]   /Users/katerina_dimitrova/Downloads/Iris.ai RAG research/Structured, Unstructured, Tables, Charts Context Enrichment /context-enrichment-rag/results/multihoprag/report/results.md
[report html] /Users/katerina_dimitrova/Downloads/Iris.ai RAG research/Structured, Unstructured, Tables, Charts Context Enrichment /context-enrichment-rag/results/multihoprag/report/results.html
