Warning: You are sending unauthenticated requests to the HF Hub. Please set a HF_TOKEN to enable higher rate limits and faster downloads.
[embeddings] backend=huggingface model=Octen/Octen-Embedding-0.6B
Loading weights:   0%|          | 0/310 [00:00<?, ?it/s]Loading weights: 100%|██████████| 310/310 [00:00<00:00, 5864.65it/s]
/Users/katerina_dimitrova/Downloads/Iris.ai RAG research/Structured, Unstructured, Tables, Charts Context Enrichment /context-enrichment-rag/src/embeddings.py:59: FutureWarning: The `get_sentence_embedding_dimension` method has been renamed to `get_embedding_dimension`.
  self.dim = int(self.model.get_sentence_embedding_dimension())
docs=15 eval_qa=118
gold coverage per chunking: s200=88, s400=89, s600=89, s800=89, svar=89 | common=88
  [gen] 25/690 (cache 37)
  [gen] 50/690 (cache 62)
  [gen] 75/690 (cache 87)
  [gen] 100/690 (cache 112)
  [gen] 125/690 (cache 137)
  [gen] 150/690 (cache 162)
  [gen] 175/690 (cache 187)
  [gen] 200/690 (cache 212)
  [gen] 225/690 (cache 237)
  [gen] 250/690 (cache 262)
  [gen] 275/690 (cache 287)
  [gen] 300/690 (cache 312)
  [gen] 325/690 (cache 337)
  [gen] 350/690 (cache 362)
  [gen] 375/690 (cache 387)
  [gen] 400/690 (cache 412)
  [gen] 425/690 (cache 437)
  [gen] 450/690 (cache 462)
  [gen] 475/690 (cache 487)
  [gen] 500/690 (cache 512)
  [gen] 525/690 (cache 537)
  [gen] 550/690 (cache 562)
  [gen] 575/690 (cache 587)
  [gen] 600/690 (cache 612)
  [gen] 625/690 (cache 637)
  [gen] 650/690 (cache 662)
  [gen] 675/690 (cache 687)
  [gen] 690/690 (cache 702)
[s200] 694 chunks · baseline nDCG 0.607 · best q 13
  [gen] 25/430 (cache 727)
  [gen] 50/430 (cache 752)
  [gen] 75/430 (cache 777)
  [gen] 100/430 (cache 802)
  [gen] 125/430 (cache 827)
  [gen] 150/430 (cache 852)
  [gen] 175/430 (cache 877)
  [gen] 200/430 (cache 902)
  [gen] 225/430 (cache 927)
  [gen] 250/430 (cache 952)
  [gen] 275/430 (cache 977)
  [gen] 300/430 (cache 1002)
  [gen] 325/430 (cache 1027)
  [gen] 350/430 (cache 1052)
  [gen] 375/430 (cache 1077)
  [gen] 400/430 (cache 1102)
  [gen] 425/430 (cache 1127)
  [gen] 430/430 (cache 1132)
[s400] 434 chunks · baseline nDCG 0.636 · best q 13
  [gen] 25/334 (cache 1157)
  [gen] 50/334 (cache 1182)
  [gen] 75/334 (cache 1207)
  [gen] 100/334 (cache 1232)
  [gen] 125/334 (cache 1257)
  [gen] 150/334 (cache 1282)
  [gen] 175/334 (cache 1307)
  [gen] 200/334 (cache 1332)
  [gen] 225/334 (cache 1357)
  [gen] 250/334 (cache 1382)
  [gen] 275/334 (cache 1407)
  [gen] 300/334 (cache 1432)
  [gen] 325/334 (cache 1457)
  [gen] 334/334 (cache 1466)
[s600] 338 chunks · baseline nDCG 0.616 · best q 15
  [gen] 25/292 (cache 1491)
  [gen] 50/292 (cache 1516)
  [gen] 75/292 (cache 1541)
  [gen] 100/292 (cache 1566)
  [gen] 125/292 (cache 1591)
  [gen] 150/292 (cache 1616)
  [gen] 175/292 (cache 1641)
  [gen] 200/292 (cache 1666)
  [gen] 225/292 (cache 1691)
  [gen] 250/292 (cache 1716)
  [gen] 275/292 (cache 1741)
  [gen] 292/292 (cache 1758)
[s800] 292 chunks · baseline nDCG 0.593 · best q 15
  [gen] 25/330 (cache 1783)
  [gen] 50/330 (cache 1808)
  [gen] 75/330 (cache 1833)
  [gen] 100/330 (cache 1858)
  [gen] 125/330 (cache 1883)
  [gen] 150/330 (cache 1908)
  [gen] 175/330 (cache 1933)
  [gen] 200/330 (cache 1958)
  [gen] 225/330 (cache 1983)
  [gen] 250/330 (cache 2008)
  [gen] 275/330 (cache 2033)
  [gen] 300/330 (cache 2058)
  [gen] 325/330 (cache 2083)
  [gen] 330/330 (cache 2088)
  variable_baseline          nDCG 0.610 #emb 330
  variable_fixed_q10         nDCG 0.639 #emb 3176
  variable_adaptive_length   nDCG 0.664 #emb 1975
  variable_adaptive_density  nDCG 0.678 #emb 3085
  variable_fused(chunk+density_q) nDCG 0.694 #emb 3415

Saved -> results/docbank/docbank_chunksize_results.json
